SQL> execute PPCS.SP_DETALLE_MOV;
BEGIN PPCS.SP_DETALLE_MOV; END;

*
ERROR at line 1:
ORA-00054: resource busy and acquire with NOWAIT specified
ORA-06512: at "PPCS.SP_DETALLE_MOV", line 26
ORA-06512: at line 1


SQL> execute PPCS.SP_DETALLE_MOV;
BEGIN PPCS.SP_DETALLE_MOV; END;

*
ERROR at line 1:
ORA-00054: resource busy and acquire with NOWAIT specified
ORA-06512: at "PPCS.SP_DETALLE_MOV", line 42
ORA-06512: at line 1


SQL> execute PPCS.SP_DETALLE_MOV;
BEGIN PPCS.SP_DETALLE_MOV; END;

*
ERROR at line 1:
ORA-00054: resource busy and acquire with NOWAIT specified
ORA-06512: at "PPCS.SP_DETALLE_MOV", line 94
ORA-06512: at line 1


SQL> execute PPCS.SP_DETALLE_MOV;
BEGIN PPCS.SP_DETALLE_MOV; END;

*
ERROR at line 1:
ORA-00054: resource busy and acquire with NOWAIT specified
ORA-06512: at "PPCS.SP_DETALLE_MOV", line 26
ORA-06512: at line 1


SQL> execute PPCS.SP_DETALLE_MOV;
        
  BEGIN PPCS.SP_DETALLE_MOV; END;

*
ERROR at line 1:
ORA-00054: resource busy and acquire with NOWAIT specified
ORA-06512: at "PPCS.SP_DETALLE_MOV", line 141
ORA-06512: at line 1


SQL> SQL> execute PPCS.SP_DETALLE_MOV;
BEGIN PPCS.SP_DETALLE_MOV; END;

*
ERROR at line 1:
ORA-00054: resource busy and acquire with NOWAIT specified
ORA-06512: at "PPCS.SP_DETALLE_MOV", line 94
ORA-06512: at line 1


SQL> execute PPCS.SP_DETALLE_MOV;
BEGIN PPCS.SP_DETALLE_MOV; END;

*
ERROR at line 1:
ORA-00054: resource busy and acquire with NOWAIT specified
ORA-06512: at "PPCS.SP_DETALLE_MOV", line 26
ORA-06512: at line 1


SQL> execute PPCS.SP_DETALLE_MOV;
      
PL/SQL procedure successfully completed.



       SEQ TEXTO                                              FECHA               T
---------- -------------------------------------------------- ------------------- -
         1 INICIO ACTUALIZACION                               01-01-2013 03:26:31 I
         2 REGISTROS PPCS.PPCS_CONSALDO 13054                 01-01-2013 03:26:31 I
         3 INICIO ACTUALIZACION                               01-01-2013 03:26:40 I
         4 REGISTROS PPCS.PPCS_CONSALDO 13054                 01-01-2013 03:26:40 I
         5 INICIO ACTUALIZACION                               01-01-2013 03:26:57 I
         6 REGISTROS PPCS.PPCS_CONSALDO 0                     01-01-2013 03:26:57 I
         7 FINALIZA ACTUALIZACION PPCS_CONSALDO               01-01-2013 03:26:58 I
         8 REGISTROS PPCS.PPCS_MULSALDET 451679               01-01-2013 03:27:01 I
         9 FINALIZA ACTUALIZACION PPCS_MULSALDET              01-01-2013 03:28:58 I
        10 REGISTROS PPCS.PPCS_LLAMADAS 394270                01-01-2013 03:29:01 I
        11 INICIO ACTUALIZACION                               01-01-2013 03:29:20 I
        12 REGISTROS PPCS.PPCS_CONSALDO 0                     01-01-2013 03:29:20 I
        13 INICIO ACTUALIZACION                               01-01-2013 03:29:27 I
        14 REGISTROS PPCS.PPCS_CONSALDO 0                     01-01-2013 03:29:27 I
        15 FINALIZA ACTUALIZACION PPCS_CONSALDO               01-01-2013 03:29:27 I
        16 REGISTROS PPCS.PPCS_MULSALDET 27                   01-01-2013 03:29:28 I
        17 FINALIZA ACTUALIZACION PPCS_MULSALDET              01-01-2013 03:29:28 I
        18 REGISTROS PPCS.PPCS_LLAMADAS 394286                01-01-2013 03:29:29 I
        19 FINALIZA ACTUALIZACION PPCS_LLAMADAS               01-01-2013 03:32:06 I
        20 REGISTROS PPCS.PPCS_MECOORIG 1154433               01-01-2013 03:32:15 I
        21 INICIO ACTUALIZACION                               01-01-2013 03:38:08 I
        22 REGISTROS PPCS.PPCS_CONSALDO 0                     01-01-2013 03:38:08 I
        23 FINALIZA ACTUALIZACION PPCS_CONSALDO               01-01-2013 03:38:09 I
        24 REGISTROS PPCS.PPCS_MULSALDET 62                   01-01-2013 03:38:11 I
        25 FINALIZA ACTUALIZACION PPCS_MULSALDET              01-01-2013 03:38:12 I
        26 REGISTROS PPCS.PPCS_LLAMADAS 97                    01-01-2013 03:38:15 I
        27 INICIO ACTUALIZACION                               01-01-2013 03:38:30 I
        28 REGISTROS PPCS.PPCS_CONSALDO 0                     01-01-2013 03:38:30 I
        29 INICIO ACTUALIZACION                               01-01-2013 03:38:38 I
        30 REGISTROS PPCS.PPCS_CONSALDO 0                     01-01-2013 03:38:38 I
        31 FINALIZA ACTUALIZACION PPCS_CONSALDO               01-01-2013 03:38:38 I
        32 REGISTROS PPCS.PPCS_MULSALDET 10                   01-01-2013 03:38:38 I
        33 FINALIZA ACTUALIZACION PPCS_MULSALDET              01-01-2013 03:38:38 I
        34 REGISTROS PPCS.PPCS_LLAMADAS 105                   01-01-2013 03:38:38 I
        35 FINALIZA ACTUALIZACION PPCS_LLAMADAS               01-01-2013 03:38:40 I
        36 REGISTROS PPCS.PPCS_MECOORIG 0                     01-01-2013 03:38:41 I
        37 FINALIZA ACTUALIZACION PPCS_MECOORIG               01-01-2013 03:38:41 I
        38 REGISTROS PPCS.PPCS_CONTENT 28197                  01-01-2013 03:38:42 I
        39 FINALIZA ACTUALIZACION PPCS_CONTENT                01-01-2013 03:38:48 I
        40 REGISTROS PPCS.PPCS_EVENTPROM 928866               01-01-2013 03:38:58 I
        41 FINALIZA ACTUALIZACION PPCS_EVENTPROM              01-01-2013 03:41:44 I
        42 REGISTROS PPCS.PPCS_ROAMT 31                       01-01-2013 03:41:45 I
        43 FINALIZA ACTUALIZACION PPCS_ROAMT                  01-01-2013 03:41:47 I
        44 REGISTROS PPCS.PPCS_ROAMO 21                       01-01-2013 03:41:50 I
        45 FINALIZA ACTUALIZACION PPCS_ROAMO                  01-01-2013 03:41:52 I
        46 REGISTROS PPCS.PPCS_ROAMD 0                        01-01-2013 03:41:52 I
        47 FINALIZA ACTUALIZACION PPCS_ROAMD                  01-01-2013 03:41:52 I
        48 REGISTROS PPCS.PPCS_MECOTERM 104                   01-01-2013 03:41:52 I
        49 FINALIZA ACTUALIZACION PPCS_MECOTERM               01-01-2013 03:41:53 I
        50 REGISTROS PPCS.PPCS_DESVIOS 322                    01-01-2013 03:41:53 I
        51 FINALIZA ACTUALIZACION PPCS_DESVIOS                01-01-2013 03:41:54 I
        52 REGISTROS PPCS.PPCS_DIAMETER 126236                01-01-2013 03:41:54 I
        53 FINALIZA ACTUALIZACION PPCS_DIAMETER               01-01-2013 03:42:18 I
        54 FINAL ACTUALIZACION, INICIO VERIFICACION           01-01-2013 03:42:18 I
        55 REGISTROS PPCS.PPCS_CONSALDO 0                     01-01-2013 03:42:18 I
        56 REGISTROS PPCS.PPCS_MULSALDET 49                   01-01-2013 03:42:18 I
        57 REGISTROS PPCS.PPCS_LLAMADAS 23                    01-01-2013 03:42:19 I
        58 REGISTROS PPCS.PPCS_MECOORIG 0                     01-01-2013 03:42:21 I
        59 REGISTROS PPCS.PPCS_CONTENT 0                      01-01-2013 03:42:21 I
        60 REGISTROS PPCS.PPCS_EVENTPROM 335                  01-01-2013 03:42:21 I
        61 REGISTROS PPCS.PPCS_ROAMT 0                        01-01-2013 03:42:21 I
        62 REGISTROS PPCS.PPCS_ROAMO 0                        01-01-2013 03:42:21 I
        63 REGISTROS PPCS.PPCS_ROAMD 0                        01-01-2013 03:42:21 I
        64 REGISTROS PPCS.PPCS_MECOTERM 0                     01-01-2013 03:42:21 I
        65 REGISTROS PPCS.PPCS_DESVIOS 0                      01-01-2013 03:42:21 I
        66 REGISTROS PPCS.PPCS_DIAMETER 0                     01-01-2013 03:42:21 I
        67 FIN DEL PROCESO, SE EJECUTO EN         4 MINUTOS   01-01-2013 03:42:21 I
        68 INICIO ACTUALIZACION                               01-01-2013 03:47:47 I
        69 REGISTROS PPCS.PPCS_CONSALDO 0                     01-01-2013 03:47:47 I
        70 INICIO ACTUALIZACION                               01-01-2013 03:47:53 I
        71 REGISTROS PPCS.PPCS_CONSALDO 0                     01-01-2013 03:47:53 I
        72 FINALIZA ACTUALIZACION PPCS_CONSALDO               01-01-2013 03:47:53 I
        73 REGISTROS PPCS.PPCS_MULSALDET 140                  01-01-2013 03:47:53 I
        74 FINALIZA ACTUALIZACION PPCS_MULSALDET              01-01-2013 03:47:56 I
        75 REGISTROS PPCS.PPCS_LLAMADAS 63                    01-01-2013 03:47:57 I
        76 FINALIZA ACTUALIZACION PPCS_LLAMADAS               01-01-2013 03:47:58 I
        77 REGISTROS PPCS.PPCS_MECOORIG 0                     01-01-2013 03:48:00 I
        78 FINALIZA ACTUALIZACION PPCS_MECOORIG               01-01-2013 03:48:01 I
        79 REGISTROS PPCS.PPCS_CONTENT 0                      01-01-2013 03:48:01 I
        80 FINALIZA ACTUALIZACION PPCS_CONTENT                01-01-2013 03:48:01 I
        81 REGISTROS PPCS.PPCS_EVENTPROM 1007                 01-01-2013 03:48:03 I
        82 FINALIZA ACTUALIZACION PPCS_EVENTPROM              01-01-2013 03:48:05 I
        83 REGISTROS PPCS.PPCS_ROAMT 0                        01-01-2013 03:48:05 I
        84 FINALIZA ACTUALIZACION PPCS_ROAMT                  01-01-2013 03:48:05 I
        85 REGISTROS PPCS.PPCS_ROAMO 0                        01-01-2013 03:48:05 I
        86 FINALIZA ACTUALIZACION PPCS_ROAMO                  01-01-2013 03:48:05 I
        87 REGISTROS PPCS.PPCS_ROAMD 0                        01-01-2013 03:48:05 I
        88 FINALIZA ACTUALIZACION PPCS_ROAMD                  01-01-2013 03:48:05 I
        89 REGISTROS PPCS.PPCS_MECOTERM 0                     01-01-2013 03:48:05 I
        90 FINALIZA ACTUALIZACION PPCS_MECOTERM               01-01-2013 03:48:05 I
        91 REGISTROS PPCS.PPCS_DESVIOS 0                      01-01-2013 03:48:05 I
        92 FINALIZA ACTUALIZACION PPCS_DESVIOS                01-01-2013 03:48:05 I
        93 REGISTROS PPCS.PPCS_DIAMETER 765                   01-01-2013 03:48:06 I
        94 FINALIZA ACTUALIZACION PPCS_DIAMETER               01-01-2013 03:48:06 I
        95 FINAL ACTUALIZACION, INICIO VERIFICACION           01-01-2013 03:48:06 I
        96 REGISTROS PPCS.PPCS_CONSALDO 0                     01-01-2013 03:48:06 I
        97 REGISTROS PPCS.PPCS_MULSALDET 0                    01-01-2013 03:48:06 I
        98 REGISTROS PPCS.PPCS_LLAMADAS 0                     01-01-2013 03:48:07 I
        99 REGISTROS PPCS.PPCS_MECOORIG 0                     01-01-2013 03:48:07 I
       100 REGISTROS PPCS.PPCS_CONTENT 0                      01-01-2013 03:48:07 I
       101 REGISTROS PPCS.PPCS_EVENTPROM 0                    01-01-2013 03:48:08 I
       102 REGISTROS PPCS.PPCS_ROAMT 0                        01-01-2013 03:48:08 I
       103 REGISTROS PPCS.PPCS_ROAMO 0                        01-01-2013 03:48:08 I
       104 REGISTROS PPCS.PPCS_ROAMD 0                        01-01-2013 03:48:08 I
       105 REGISTROS PPCS.PPCS_MECOTERM 0                     01-01-2013 03:48:08 I
       106 REGISTROS PPCS.PPCS_DESVIOS 0                      01-01-2013 03:48:08 I
       107 REGISTROS PPCS.PPCS_DIAMETER 0                     01-01-2013 03:48:08 I
       108 FIN DEL PROCESO, SE EJECUTO EN         0 MINUTOS   01-01-2013 03:48:08 I


